// Jest Snapshot v1, https://goo.gl/fbAQLP

exports[`composite Composite instance toJSON() returns a JSON-encoded composite 1`] = `
{
  "aliases": {},
  "models": {},
  "version": "1.0",
  "views": {
    "account": {},
    "models": {},
    "root": {},
  },
}
`;

exports[`composite Composite instance toRuntime() returns the runtime definition for the Composite 1`] = `
{
  "accountData": {},
  "enums": {},
  "models": {},
  "objects": {},
}
`;
