// Jest Snapshot v1, https://goo.gl/fbAQLP

exports[`schema createAbstractCompositeDefinition creates an InternalCompositeDefinition for profiles from schema 1`] = `
{
  "commonEmbeds": [
    "ImageMetadata",
    "ImageSources",
  ],
  "models": {
    "GenericProfile": {
      "action": "create",
      "model": {
        "accountRelation": {
          "type": "single",
        },
        "description": "A model to store common profile-related properties",
        "name": "GenericProfile",
        "relations": {},
        "schema": {
          "$defs": {
            "ImageMetadata": {
              "additionalProperties": false,
              "properties": {
                "height": {
                  "minimum": 1,
                  "type": "integer",
                },
                "mimeType": {
                  "maxLength": 50,
                  "type": "string",
                },
                "size": {
                  "minimum": 1,
                  "type": "integer",
                },
                "src": {
                  "maxLength": 150,
                  "type": "string",
                },
                "width": {
                  "minimum": 1,
                  "type": "integer",
                },
              },
              "required": [
                "src",
                "mimeType",
                "width",
                "height",
              ],
              "title": "ImageMetadata",
              "type": "object",
            },
            "ImageSources": {
              "additionalProperties": false,
              "properties": {
                "alternatives": {
                  "items": {
                    "$ref": "#/$defs/ImageMetadata",
                  },
                  "maxItems": 20,
                  "type": "array",
                },
                "original": {
                  "$ref": "#/$defs/ImageMetadata",
                },
              },
              "required": [
                "original",
              ],
              "title": "ImageSources",
              "type": "object",
            },
          },
          "$schema": "https://json-schema.org/draft/2020-12/schema",
          "additionalProperties": false,
          "properties": {
            "image": {
              "$ref": "#/$defs/ImageSources",
            },
            "name": {
              "maxLength": 150,
              "type": "string",
            },
          },
          "type": "object",
        },
        "version": "1.0",
        "views": {},
      },
    },
    "PersonProfile": {
      "action": "create",
      "model": {
        "accountRelation": {
          "type": "single",
        },
        "description": "A model to store accounts' personal data",
        "name": "PersonProfile",
        "relations": {},
        "schema": {
          "$defs": {
            "GraphQLCountryCode": {
              "maxLength": 2,
              "pattern": "^(AD|AE|AF|AG|AI|AL|AM|AO|AQ|AR|AS|AT|AU|AW|AX|AZ|BA|BB|BD|BE|BF|BG|BH|BI|BJ|BL|BM|BN|BO|BQ|BR|BS|BT|BV|BW|BY|BZ|CA|CC|CD|CF|CG|CH|CI|CK|CL|CM|CN|CO|CR|CU|CV|CW|CX|CY|CZ|DE|DJ|DK|DM|DO|DZ|EC|EE|EG|EH|ER|ES|ET|FI|FJ|FK|FM|FO|FR|GA|GB|GD|GE|GF|GG|GH|GI|GL|GM|GN|GP|GQ|GR|GS|GT|GU|GW|GY|HK|HM|HN|HR|HT|HU|ID|IE|IL|IM|IN|IO|IQ|IR|IS|IT|JE|JM|JO|JP|KE|KG|KH|KI|KM|KN|KP|KR|KW|KY|KZ|LA|LB|LC|LI|LK|LR|LS|LT|LU|LV|LY|MA|MC|MD|ME|MF|MG|MH|MK|ML|MM|MN|MO|MP|MQ|MR|MS|MT|MU|MV|MW|MX|MY|MZ|NA|NC|NE|NF|NG|NI|NL|NO|NP|NR|NU|NZ|OM|PA|PE|PF|PG|PH|PK|PL|PM|PN|PR|PS|PT|PW|PY|QA|RE|RO|RS|RU|RW|SA|SB|SC|SD|SE|SG|SH|SI|SJ|SK|SL|SM|SN|SO|SR|SS|ST|SV|SX|SY|SZ|TC|TD|TF|TG|TH|TJ|TK|TL|TM|TN|TO|TR|TT|TV|TW|TZ|UA|UG|UM|US|UY|UZ|VA|VC|VE|VG|VI|VN|VU|WF|WS|YE|YT|ZA|ZM|ZW)$",
              "title": "GraphQLCountryCode",
              "type": "string",
            },
            "GraphQLDate": {
              "format": "date",
              "maxLength": 100,
              "title": "GraphQLDate",
              "type": "string",
            },
          },
          "$schema": "https://json-schema.org/draft/2020-12/schema",
          "additionalProperties": false,
          "properties": {
            "affiliations": {
              "items": {
                "maxLength": 140,
                "type": "string",
              },
              "maxItems": 20,
              "type": "array",
            },
            "birthDate": {
              "$ref": "#/$defs/GraphQLDate",
            },
            "gender": {
              "maxLength": 42,
              "type": "string",
            },
            "homeLocation": {
              "maxLength": 140,
              "type": "string",
            },
            "nationalities": {
              "items": {
                "$ref": "#/$defs/GraphQLCountryCode",
              },
              "maxItems": 5,
              "type": "array",
            },
            "residenceCountry": {
              "$ref": "#/$defs/GraphQLCountryCode",
            },
          },
          "type": "object",
        },
        "version": "1.0",
        "views": {},
      },
    },
    "SocialProfile": {
      "action": "create",
      "model": {
        "accountRelation": {
          "type": "single",
        },
        "description": "A model to store properties that accounts would like to share on social media",
        "name": "SocialProfile",
        "relations": {},
        "schema": {
          "$defs": {
            "ImageMetadata": {
              "additionalProperties": false,
              "properties": {
                "height": {
                  "minimum": 1,
                  "type": "integer",
                },
                "mimeType": {
                  "maxLength": 50,
                  "type": "string",
                },
                "size": {
                  "minimum": 1,
                  "type": "integer",
                },
                "src": {
                  "maxLength": 150,
                  "type": "string",
                },
                "width": {
                  "minimum": 1,
                  "type": "integer",
                },
              },
              "required": [
                "src",
                "mimeType",
                "width",
                "height",
              ],
              "title": "ImageMetadata",
              "type": "object",
            },
            "ImageSources": {
              "additionalProperties": false,
              "properties": {
                "alternatives": {
                  "items": {
                    "$ref": "#/$defs/ImageMetadata",
                  },
                  "maxItems": 20,
                  "type": "array",
                },
                "original": {
                  "$ref": "#/$defs/ImageMetadata",
                },
              },
              "required": [
                "original",
              ],
              "title": "ImageSources",
              "type": "object",
            },
          },
          "$schema": "https://json-schema.org/draft/2020-12/schema",
          "additionalProperties": false,
          "properties": {
            "background": {
              "$ref": "#/$defs/ImageSources",
            },
            "description": {
              "maxLength": 420,
              "type": "string",
            },
            "emoji": {
              "maxLength": 2,
              "type": "string",
            },
            "url": {
              "maxLength": 240,
              "type": "string",
            },
          },
          "type": "object",
        },
        "version": "1.0",
        "views": {},
      },
    },
  },
}
`;
