// Jest Snapshot v1, https://goo.gl/fbAQLP

exports[`composites composite:compile composite compilation succeeds 1`] = `
"{"models":{"SocialProfile":{"id":"kjzl6hvfrbw6c5yjlop5lrh7e8k4daqazzaia14h9ssujpjzmj4nz1k6l70jd3t","accountRelation":{"type":"single"}},"GenericProfile":{"id":"kjzl6hvfrbw6c54emrgskpxxxxbwg6w7qfte78lm7k554msdlohryazddfgqmq8","accountRelation":{"type":"single"}},"PersonProfile":{"id":"kjzl6hvfrbw6c9h0oo0nwn7h51qtwykushwu970qk4c85zeiby2v292lf1qe9fc","accountRelation":{"type":"single"}}},"objects":{"SocialProfileImageMetadata":{"src":{"type":"string","required":true},"size":{"type":"integer","required":false},"width":{"type":"integer","required":true},"height":{"type":"integer","required":true},"mimeType":{"type":"string","required":true}},"SocialProfileImageSources":{"original":{"type":"reference","refType":"object","refName":"SocialProfileImageMetadata","required":true},"alternatives":{"type":"list","required":false,"item":{"type":"reference","refType":"object","refName":"SocialProfileImageMetadata","required":false}}},"SocialProfile":{"url":{"type":"string","required":false},"emoji":{"type":"string","required":false},"background":{"type":"reference","refType":"object","refName":"SocialProfileImageSources","required":false},"description":{"type":"string","required":false}},"GenericProfileImageMetadata":{"src":{"type":"string","required":true},"size":{"type":"integer","required":false},"width":{"type":"integer","required":true},"height":{"type":"integer","required":true},"mimeType":{"type":"string","required":true}},"GenericProfileImageSources":{"original":{"type":"reference","refType":"object","refName":"GenericProfileImageMetadata","required":true},"alternatives":{"type":"list","required":false,"item":{"type":"reference","refType":"object","refName":"GenericProfileImageMetadata","required":false}}},"GenericProfile":{"name":{"type":"string","required":false},"image":{"type":"reference","refType":"object","refName":"GenericProfileImageSources","required":false}},"PersonProfile":{"gender":{"type":"string","required":false},"birthDate":{"type":"string","required":false},"affiliations":{"type":"list","required":false,"item":{"type":"string","required":false}},"homeLocation":{"type":"string","required":false},"nationalities":{"type":"list","required":false,"item":{"type":"string","required":false}},"residenceCountry":{"type":"string","required":false}}},"enums":{},"accountData":{"socialProfile":{"type":"node","name":"SocialProfile"},"genericProfile":{"type":"node","name":"GenericProfile"},"personProfile":{"type":"node","name":"PersonProfile"}}}
"
`;

exports[`composites composite:compile composite compilation succeeds 2`] = `
"// This is an auto-generated file, do not edit manually
export const definition = {"models":{"SocialProfile":{"id":"kjzl6hvfrbw6c5yjlop5lrh7e8k4daqazzaia14h9ssujpjzmj4nz1k6l70jd3t","accountRelation":{"type":"single"}},"GenericProfile":{"id":"kjzl6hvfrbw6c54emrgskpxxxxbwg6w7qfte78lm7k554msdlohryazddfgqmq8","accountRelation":{"type":"single"}},"PersonProfile":{"id":"kjzl6hvfrbw6c9h0oo0nwn7h51qtwykushwu970qk4c85zeiby2v292lf1qe9fc","accountRelation":{"type":"single"}}},"objects":{"SocialProfileImageMetadata":{"src":{"type":"string","required":true},"size":{"type":"integer","required":false},"width":{"type":"integer","required":true},"height":{"type":"integer","required":true},"mimeType":{"type":"string","required":true}},"SocialProfileImageSources":{"original":{"type":"reference","refType":"object","refName":"SocialProfileImageMetadata","required":true},"alternatives":{"type":"list","required":false,"item":{"type":"reference","refType":"object","refName":"SocialProfileImageMetadata","required":false}}},"SocialProfile":{"url":{"type":"string","required":false},"emoji":{"type":"string","required":false},"background":{"type":"reference","refType":"object","refName":"SocialProfileImageSources","required":false},"description":{"type":"string","required":false}},"GenericProfileImageMetadata":{"src":{"type":"string","required":true},"size":{"type":"integer","required":false},"width":{"type":"integer","required":true},"height":{"type":"integer","required":true},"mimeType":{"type":"string","required":true}},"GenericProfileImageSources":{"original":{"type":"reference","refType":"object","refName":"GenericProfileImageMetadata","required":true},"alternatives":{"type":"list","required":false,"item":{"type":"reference","refType":"object","refName":"GenericProfileImageMetadata","required":false}}},"GenericProfile":{"name":{"type":"string","required":false},"image":{"type":"reference","refType":"object","refName":"GenericProfileImageSources","required":false}},"PersonProfile":{"gender":{"type":"string","required":false},"birthDate":{"type":"string","required":false},"affiliations":{"type":"list","required":false,"item":{"type":"string","required":false}},"homeLocation":{"type":"string","required":false},"nationalities":{"type":"list","required":false,"item":{"type":"string","required":false}},"residenceCountry":{"type":"string","required":false}}},"enums":{},"accountData":{"socialProfile":{"type":"node","name":"SocialProfile"},"genericProfile":{"type":"node","name":"GenericProfile"},"personProfile":{"type":"node","name":"PersonProfile"}}}"
`;

exports[`composites composite:compile composite compilation succeeds 3`] = `
"// This is an auto-generated file, do not edit manually
import type { RuntimeCompositeDefinition } from '@composedb/types'
export const definition: RuntimeCompositeDefinition = {"models":{"SocialProfile":{"id":"kjzl6hvfrbw6c5yjlop5lrh7e8k4daqazzaia14h9ssujpjzmj4nz1k6l70jd3t","accountRelation":{"type":"single"}},"GenericProfile":{"id":"kjzl6hvfrbw6c54emrgskpxxxxbwg6w7qfte78lm7k554msdlohryazddfgqmq8","accountRelation":{"type":"single"}},"PersonProfile":{"id":"kjzl6hvfrbw6c9h0oo0nwn7h51qtwykushwu970qk4c85zeiby2v292lf1qe9fc","accountRelation":{"type":"single"}}},"objects":{"SocialProfileImageMetadata":{"src":{"type":"string","required":true},"size":{"type":"integer","required":false},"width":{"type":"integer","required":true},"height":{"type":"integer","required":true},"mimeType":{"type":"string","required":true}},"SocialProfileImageSources":{"original":{"type":"reference","refType":"object","refName":"SocialProfileImageMetadata","required":true},"alternatives":{"type":"list","required":false,"item":{"type":"reference","refType":"object","refName":"SocialProfileImageMetadata","required":false}}},"SocialProfile":{"url":{"type":"string","required":false},"emoji":{"type":"string","required":false},"background":{"type":"reference","refType":"object","refName":"SocialProfileImageSources","required":false},"description":{"type":"string","required":false}},"GenericProfileImageMetadata":{"src":{"type":"string","required":true},"size":{"type":"integer","required":false},"width":{"type":"integer","required":true},"height":{"type":"integer","required":true},"mimeType":{"type":"string","required":true}},"GenericProfileImageSources":{"original":{"type":"reference","refType":"object","refName":"GenericProfileImageMetadata","required":true},"alternatives":{"type":"list","required":false,"item":{"type":"reference","refType":"object","refName":"GenericProfileImageMetadata","required":false}}},"GenericProfile":{"name":{"type":"string","required":false},"image":{"type":"reference","refType":"object","refName":"GenericProfileImageSources","required":false}},"PersonProfile":{"gender":{"type":"string","required":false},"birthDate":{"type":"string","required":false},"affiliations":{"type":"list","required":false,"item":{"type":"string","required":false}},"homeLocation":{"type":"string","required":false},"nationalities":{"type":"list","required":false,"item":{"type":"string","required":false}},"residenceCountry":{"type":"string","required":false}}},"enums":{},"accountData":{"socialProfile":{"type":"node","name":"SocialProfile"},"genericProfile":{"type":"node","name":"GenericProfile"},"personProfile":{"type":"node","name":"PersonProfile"}}}"
`;

exports[`composites composite:merge composite merge succeeds 1`] = `"{"version":"1.0","models":{"kjzl6hvfrbw6c5yjlop5lrh7e8k4daqazzaia14h9ssujpjzmj4nz1k6l70jd3t":[{"jws":{"payload":"AXESIHTrRAmv6MEdkt12WI9zVhqYlhv-XOsU63IyzTTth2nt","signatures":[{"signature":"BTt7YDjWpdAWoXeGYxmftXWVbxyTt5ymjVHOU2nIP-mgUaI4j25d2yxEa3hUz06H7kxwRnS5VWcbP2PTMU1JAw","protected":"eyJhbGciOiJFZERTQSIsImtpZCI6ImRpZDprZXk6ejZNa3RYaEJxQ2JLY1hqOUFXVnIxNWZDS0RNSkZSbnd0dkE5clZueUhlZzh0dUF6I3o2TWt0WGhCcUNiS2NYajlBV1ZyMTVmQ0tETUpGUm53dHZBOXJWbnlIZWc4dHVBeiJ9"}],"link":"bafyreidu5ncatl7iyeozfxlwlchxgvq2tclbx7s45mkow4rszu2o3b3j5u"},"linkedBlock":"omRkYXRhp2RuYW1lbVNvY2lhbFByb2ZpbGVldmlld3OgZnNjaGVtYaVkdHlwZWZvYmplY3RlJGRlZnOibEltYWdlU291cmNlc6VkdHlwZWZvYmplY3RldGl0bGVsSW1hZ2VTb3VyY2VzaHJlcXVpcmVkgWhvcmlnaW5hbGpwcm9wZXJ0aWVzomhvcmlnaW5hbKFkJHJlZnUjLyRkZWZzL0ltYWdlTWV0YWRhdGFsYWx0ZXJuYXRpdmVzo2R0eXBlZWFycmF5ZWl0ZW1zoWQkcmVmdSMvJGRlZnMvSW1hZ2VNZXRhZGF0YWhtYXhJdGVtcwp0YWRkaXRpb25hbFByb3BlcnRpZXP0bUltYWdlTWV0YWRhdGGlZHR5cGVmb2JqZWN0ZXRpdGxlbUltYWdlTWV0YWRhdGFocmVxdWlyZWSEY3NyY2htaW1lVHlwZWV3aWR0aGZoZWlnaHRqcHJvcGVydGllc6Vjc3JjomR0eXBlZnN0cmluZ2ltYXhMZW5ndGgYlmRzaXplomR0eXBlZ2ludGVnZXJnbWluaW11bQFld2lkdGiiZHR5cGVnaW50ZWdlcmdtaW5pbXVtAWZoZWlnaHSiZHR5cGVnaW50ZWdlcmdtaW5pbXVtAWhtaW1lVHlwZaJkdHlwZWZzdHJpbmdpbWF4TGVuZ3RoGDJ0YWRkaXRpb25hbFByb3BlcnRpZXP0ZyRzY2hlbWF4LGh0dHBzOi8vanNvbi1zY2hlbWEub3JnL2RyYWZ0LzIwMjAtMTIvc2NoZW1hanByb3BlcnRpZXOkY3VybKJkdHlwZWZzdHJpbmdpbWF4TGVuZ3RoGPBlZW1vammiZHR5cGVmc3RyaW5naW1heExlbmd0aAJqYmFja2dyb3VuZKFkJHJlZnQjLyRkZWZzL0ltYWdlU291cmNlc2tkZXNjcmlwdGlvbqJkdHlwZWZzdHJpbmdpbWF4TGVuZ3RoGQGkdGFkZGl0aW9uYWxQcm9wZXJ0aWVz9Gd2ZXJzaW9uYzEuMGlyZWxhdGlvbnOga2Rlc2NyaXB0aW9ueE1BIG1vZGVsIHRvIHN0b3JlIHByb3BlcnRpZXMgdGhhdCBhY2NvdW50cyB3b3VsZCBsaWtlIHRvIHNoYXJlIG9uIHNvY2lhbCBtZWRpYW9hY2NvdW50UmVsYXRpb26hZHR5cGVmc2luZ2xlZmhlYWRlcqNjc2VwZW1vZGVsZW1vZGVsUs4BBAFxcQsACWhtb2RlbC12MWtjb250cm9sbGVyc4F4OGRpZDprZXk6ejZNa3RYaEJxQ2JLY1hqOUFXVnIxNWZDS0RNSkZSbnd0dkE5clZueUhlZzh0dUF6"}],"kjzl6hvfrbw6c54emrgskpxxxxbwg6w7qfte78lm7k554msdlohryazddfgqmq8":[{"jws":{"payload":"AXESIFhkFJ2m-qMI8jafKDz1nVzdW-CSbzYozUpADCNmU0pm","signatures":[{"signature":"6oK06Ey6vrn3ZnqydiCS3CIS2cr8toFCWEbamEDegYgD368ga8uFpcMxR9GFzCYCJRa0o40D32ZhdnZuRcAGAA","protected":"eyJhbGciOiJFZERTQSIsImtpZCI6ImRpZDprZXk6ejZNa3RYaEJxQ2JLY1hqOUFXVnIxNWZDS0RNSkZSbnd0dkE5clZueUhlZzh0dUF6I3o2TWt0WGhCcUNiS2NYajlBV1ZyMTVmQ0tETUpGUm53dHZBOXJWbnlIZWc4dHVBeiJ9"}],"link":"bafyreicymqkj3jx2umepenu7fa6plhk43vn6betpgyum2ssabqrwmu2kmy"},"linkedBlock":"omRkYXRhp2RuYW1lbkdlbmVyaWNQcm9maWxlZXZpZXdzoGZzY2hlbWGlZHR5cGVmb2JqZWN0ZSRkZWZzomxJbWFnZVNvdXJjZXOlZHR5cGVmb2JqZWN0ZXRpdGxlbEltYWdlU291cmNlc2hyZXF1aXJlZIFob3JpZ2luYWxqcHJvcGVydGllc6Job3JpZ2luYWyhZCRyZWZ1Iy8kZGVmcy9JbWFnZU1ldGFkYXRhbGFsdGVybmF0aXZlc6NkdHlwZWVhcnJheWVpdGVtc6FkJHJlZnUjLyRkZWZzL0ltYWdlTWV0YWRhdGFobWF4SXRlbXMKdGFkZGl0aW9uYWxQcm9wZXJ0aWVz9G1JbWFnZU1ldGFkYXRhpWR0eXBlZm9iamVjdGV0aXRsZW1JbWFnZU1ldGFkYXRhaHJlcXVpcmVkhGNzcmNobWltZVR5cGVld2lkdGhmaGVpZ2h0anByb3BlcnRpZXOlY3NyY6JkdHlwZWZzdHJpbmdpbWF4TGVuZ3RoGJZkc2l6ZaJkdHlwZWdpbnRlZ2VyZ21pbmltdW0BZXdpZHRoomR0eXBlZ2ludGVnZXJnbWluaW11bQFmaGVpZ2h0omR0eXBlZ2ludGVnZXJnbWluaW11bQFobWltZVR5cGWiZHR5cGVmc3RyaW5naW1heExlbmd0aBgydGFkZGl0aW9uYWxQcm9wZXJ0aWVz9Gckc2NoZW1heCxodHRwczovL2pzb24tc2NoZW1hLm9yZy9kcmFmdC8yMDIwLTEyL3NjaGVtYWpwcm9wZXJ0aWVzomRuYW1lomR0eXBlZnN0cmluZ2ltYXhMZW5ndGgYlmVpbWFnZaFkJHJlZnQjLyRkZWZzL0ltYWdlU291cmNlc3RhZGRpdGlvbmFsUHJvcGVydGllc/RndmVyc2lvbmMxLjBpcmVsYXRpb25zoGtkZXNjcmlwdGlvbngyQSBtb2RlbCB0byBzdG9yZSBjb21tb24gcHJvZmlsZS1yZWxhdGVkIHByb3BlcnRpZXNvYWNjb3VudFJlbGF0aW9uoWR0eXBlZnNpbmdsZWZoZWFkZXKjY3NlcGVtb2RlbGVtb2RlbFLOAQQBcXELAAlobW9kZWwtdjFrY29udHJvbGxlcnOBeDhkaWQ6a2V5Ono2TWt0WGhCcUNiS2NYajlBV1ZyMTVmQ0tETUpGUm53dHZBOXJWbnlIZWc4dHVBeg=="}],"kjzl6hvfrbw6c9h0oo0nwn7h51qtwykushwu970qk4c85zeiby2v292lf1qe9fc":[{"jws":{"payload":"AXESINFl0SGgTzzcqecpKBdjEvFn6Mg4ffqGG5gjGXez0tFU","signatures":[{"signature":"I92iRYi7GGwH5SP8fdBVUna-RaEXQnM3xpPWOFF8H95RKumdkrcW39GGdjjIaeFlSY0-xQwapNr6RtpyURYyDQ","protected":"eyJhbGciOiJFZERTQSIsImtpZCI6ImRpZDprZXk6ejZNa3RYaEJxQ2JLY1hqOUFXVnIxNWZDS0RNSkZSbnd0dkE5clZueUhlZzh0dUF6I3o2TWt0WGhCcUNiS2NYajlBV1ZyMTVmQ0tETUpGUm53dHZBOXJWbnlIZWc4dHVBeiJ9"}],"link":"bafyreigrmxisdicphtoktzzjfalwgexrm7umqod57kdbxgbddf33huwrkq"},"linkedBlock":"omRkYXRhp2RuYW1lbVBlcnNvblByb2ZpbGVldmlld3OgZnNjaGVtYaRkdHlwZWZvYmplY3RnJHNjaGVtYXgsaHR0cHM6Ly9qc29uLXNjaGVtYS5vcmcvZHJhZnQvMjAyMC0xMi9zY2hlbWFqcHJvcGVydGllc6ZmZ2VuZGVyomR0eXBlZnN0cmluZ2ltYXhMZW5ndGgYKmliaXJ0aERhdGWiZHR5cGVmc3RyaW5naW1heExlbmd0aApsYWZmaWxpYXRpb25zo2R0eXBlZWFycmF5ZWl0ZW1zomR0eXBlZnN0cmluZ2ltYXhMZW5ndGgYjGhtYXhJdGVtcwpsaG9tZUxvY2F0aW9uomR0eXBlZnN0cmluZ2ltYXhMZW5ndGgYjG1uYXRpb25hbGl0aWVzpGR0eXBlZWFycmF5ZWl0ZW1zomR0eXBlZnN0cmluZ2ltYXhMZW5ndGgCaG1heEl0ZW1zBWhtaW5JdGVtcwFwcmVzaWRlbmNlQ291bnRyeaJkdHlwZWZzdHJpbmdpbWF4TGVuZ3RoAnRhZGRpdGlvbmFsUHJvcGVydGllc/RndmVyc2lvbmMxLjBpcmVsYXRpb25zoGtkZXNjcmlwdGlvbngoQSBtb2RlbCB0byBzdG9yZSBhY2NvdW50cycgcGVyc29uYWwgZGF0YW9hY2NvdW50UmVsYXRpb26hZHR5cGVmc2luZ2xlZmhlYWRlcqNjc2VwZW1vZGVsZW1vZGVsUs4BBAFxcQsACWhtb2RlbC12MWtjb250cm9sbGVyc4F4OGRpZDprZXk6ejZNa3RYaEJxQ2JLY1hqOUFXVnIxNWZDS0RNSkZSbnd0dkE5clZueUhlZzh0dUF6"}],"kjzl6hvfrbw6cb53hacwlqznsd2fjkia8o5koz5fotvjzr9qito7k4z4cax8dqi":[{"jws":{"payload":"AXESIO0cgR4UGZQ3YrgpBo7oGggjTbYA7LwiVd_sDYDiR1rW","signatures":[{"signature":"4uAqnAn-5C4J5nRTPDjlyYYCl6rNtS2dQ_vPPdQplsmVk4dA-Ti2Ydft3mmDxKEEQuUh7Vh_m-WXMF99F5-XDw","protected":"eyJhbGciOiJFZERTQSIsImtpZCI6ImRpZDprZXk6ejZNa3RYaEJxQ2JLY1hqOUFXVnIxNWZDS0RNSkZSbnd0dkE5clZueUhlZzh0dUF6I3o2TWt0WGhCcUNiS2NYajlBV1ZyMTVmQ0tETUpGUm53dHZBOXJWbnlIZWc4dHVBeiJ9"}],"link":"bafyreihndsar4fazsq3wfobja2hoqgqieng3mahmxqrflx7mbwaoer222y"},"linkedBlock":"omRkYXRhp2RuYW1lZFBvc3Rldmlld3OgZnNjaGVtYaVkdHlwZWZvYmplY3RnJHNjaGVtYXgsaHR0cHM6Ly9qc29uLXNjaGVtYS5vcmcvZHJhZnQvMjAyMC0xMi9zY2hlbWFocmVxdWlyZWSBZHRleHRqcHJvcGVydGllc6FkdGV4dKJkdHlwZWZzdHJpbmdpbWF4TGVuZ3RoGROIdGFkZGl0aW9uYWxQcm9wZXJ0aWVz9Gd2ZXJzaW9uYzEuMGlyZWxhdGlvbnOga2Rlc2NyaXB0aW9ubEEgUG9zdCBtb2RlbG9hY2NvdW50UmVsYXRpb26hZHR5cGVkbGlzdGZoZWFkZXKjY3NlcGVtb2RlbGVtb2RlbFLOAQQBcXELAAlobW9kZWwtdjFrY29udHJvbGxlcnOBeDhkaWQ6a2V5Ono2TWt0WGhCcUNiS2NYajlBV1ZyMTVmQ0tETUpGUm53dHZBOXJWbnlIZWc4dHVBeg=="}],"kjzl6hvfrbw6c5cblr7j5o64zwgcvek6bnmlv5d6ul5eyl6txwpqld1beawbulf":[{"jws":{"payload":"AXESIAPLfgN5_quAInBXp6aRhmGo-0Q4RP-m_tUjLalh8Zaj","signatures":[{"signature":"BHCvtf90iRyMV8yZqnTwwR66BFYsKwJMWgdiTEfhEFn_Uwd0vZJuQsc77Sdne03kBBGkB2M94UUsCqr2EdtFDQ","protected":"eyJhbGciOiJFZERTQSIsImtpZCI6ImRpZDprZXk6ejZNa3RYaEJxQ2JLY1hqOUFXVnIxNWZDS0RNSkZSbnd0dkE5clZueUhlZzh0dUF6I3o2TWt0WGhCcUNiS2NYajlBV1ZyMTVmQ0tETUpGUm53dHZBOXJWbnlIZWc4dHVBeiJ9"}],"link":"bafyreiadzn7ag6p6voace4cxu6tjdbtbvd5uioce76tp5vjdfwuwd4mwum"},"linkedBlock":"omRkYXRhp2RuYW1lZ1BpY3R1cmVldmlld3OgZnNjaGVtYaVkdHlwZWZvYmplY3RnJHNjaGVtYXgsaHR0cHM6Ly9qc29uLXNjaGVtYS5vcmcvZHJhZnQvMjAyMC0xMi9zY2hlbWFocmVxdWlyZWSBY3VybGpwcm9wZXJ0aWVzoWN1cmyjZHR5cGVmc3RyaW5naW1heExlbmd0aBiMaW1pbkxlbmd0aAB0YWRkaXRpb25hbFByb3BlcnRpZXP0Z3ZlcnNpb25jMS4waXJlbGF0aW9uc6BrZGVzY3JpcHRpb25vQSBQaWN0dXJlIG1vZGVsb2FjY291bnRSZWxhdGlvbqFkdHlwZWRsaXN0ZmhlYWRlcqNjc2VwZW1vZGVsZW1vZGVsUs4BBAFxcQsACWhtb2RlbC12MWtjb250cm9sbGVyc4F4OGRpZDprZXk6ejZNa3RYaEJxQ2JLY1hqOUFXVnIxNWZDS0RNSkZSbnd0dkE5clZueUhlZzh0dUF6"}]},"aliases":{},"views":{"account":{},"root":{},"models":{}}}"`;

exports[`composites composite:models composite model listing succeeds with --id-only param 1`] = `"["kjzl6hvfrbw6c5yjlop5lrh7e8k4daqazzaia14h9ssujpjzmj4nz1k6l70jd3t","kjzl6hvfrbw6c54emrgskpxxxxbwg6w7qfte78lm7k554msdlohryazddfgqmq8","kjzl6hvfrbw6c9h0oo0nwn7h51qtwykushwu970qk4c85zeiby2v292lf1qe9fc"]"`;

exports[`composites composite:models composite model listing succeeds with --table 1`] = `
"┌────────────────────────────────┬─────────────────────────────────────────────────────────────────┬────────────────────────────────┬────────────────────────────────────────────────────────────────────────────────────────────────────┐
│ Name                           │ ID                                                              │ Alias                          │ Description                                                                                        │
├────────────────────────────────┼─────────────────────────────────────────────────────────────────┼────────────────────────────────┼────────────────────────────────────────────────────────────────────────────────────────────────────┤
│ SocialProfile                  │ kjzl6hvfrbw6c5yjlop5lrh7e8k4daqazzaia14h9ssujpjzmj4nz1k6l70jd3t │ (none)                         │ A model to store properties that accounts would like to share on social media                      │
├────────────────────────────────┼─────────────────────────────────────────────────────────────────┼────────────────────────────────┼────────────────────────────────────────────────────────────────────────────────────────────────────┤
│ GenericProfile                 │ kjzl6hvfrbw6c54emrgskpxxxxbwg6w7qfte78lm7k554msdlohryazddfgqmq8 │ (none)                         │ A model to store common profile-related properties                                                 │
├────────────────────────────────┼─────────────────────────────────────────────────────────────────┼────────────────────────────────┼────────────────────────────────────────────────────────────────────────────────────────────────────┤
│ PersonProfile                  │ kjzl6hvfrbw6c9h0oo0nwn7h51qtwykushwu970qk4c85zeiby2v292lf1qe9fc │ (none)                         │ A model to store accounts' personal data                                                           │
└────────────────────────────────┴─────────────────────────────────────────────────────────────────┴────────────────────────────────┴────────────────────────────────────────────────────────────────────────────────────────────────────┘"
`;

exports[`composites composite:models composite model listing succeeds without formatting params 1`] = `"[{"id":"kjzl6hvfrbw6c5yjlop5lrh7e8k4daqazzaia14h9ssujpjzmj4nz1k6l70jd3t","name":"SocialProfile","description":"A model to store properties that accounts would like to share on social media"},{"id":"kjzl6hvfrbw6c54emrgskpxxxxbwg6w7qfte78lm7k554msdlohryazddfgqmq8","name":"GenericProfile","description":"A model to store common profile-related properties"},{"id":"kjzl6hvfrbw6c9h0oo0nwn7h51qtwykushwu970qk4c85zeiby2v292lf1qe9fc","name":"PersonProfile","description":"A model to store accounts' personal data"}]"`;
