// Jest Snapshot v1, https://goo.gl/fbAQLP

exports[`graphql graphql:schema printing graphql schema succeeds 1`] = `
"type Query {
  """Fetches an object given its ID"""
  node(
    """The ID of an object"""
    id: ID!
  ): Node

  """Account currently authenticated on the Ceramic instance, if set"""
  viewer: CeramicAccount
  postIndex(
    """Returns the items in the list that come after the specified cursor."""
    after: String

    """Returns the first n items from the list."""
    first: Int

    """Returns the items in the list that come before the specified cursor."""
    before: String

    """Returns the last n items from the list."""
    last: Int
  ): PostConnection
  pictureIndex(
    """Returns the items in the list that come after the specified cursor."""
    after: String

    """Returns the first n items from the list."""
    first: Int

    """Returns the items in the list that come before the specified cursor."""
    before: String

    """Returns the last n items from the list."""
    last: Int
  ): PictureConnection
}

"""An object with an ID"""
interface Node {
  """The id of the object."""
  id: ID!
}

type CeramicAccount implements Node {
  """Globally unique identifier of the account (DID string)"""
  id: ID!

  """
  Whether the Ceramic instance is currently authenticated with this account or not
  """
  isViewer: Boolean!
  postList(
    """Returns the items in the list that come after the specified cursor."""
    after: String

    """Returns the first n items from the list."""
    first: Int

    """Returns the items in the list that come before the specified cursor."""
    before: String

    """Returns the last n items from the list."""
    last: Int
  ): PostConnection
  pictureList(
    """Returns the items in the list that come after the specified cursor."""
    after: String

    """Returns the first n items from the list."""
    first: Int

    """Returns the items in the list that come before the specified cursor."""
    before: String

    """Returns the last n items from the list."""
    last: Int
  ): PictureConnection
}

"""A connection to a list of items."""
type PostConnection {
  """Information to aid in pagination."""
  pageInfo: PageInfo!

  """A list of edges."""
  edges: [PostEdge]
}

"""Information about pagination in a connection."""
type PageInfo {
  """When paginating forwards, are there more items?"""
  hasNextPage: Boolean!

  """When paginating backwards, are there more items?"""
  hasPreviousPage: Boolean!

  """When paginating backwards, the cursor to continue."""
  startCursor: String

  """When paginating forwards, the cursor to continue."""
  endCursor: String
}

"""An edge in a connection."""
type PostEdge {
  """The item at the end of the edge"""
  node: Post

  """A cursor for use in pagination"""
  cursor: String!
}

type Post implements Node {
  id: ID!
  text: String!
}

"""A connection to a list of items."""
type PictureConnection {
  """Information to aid in pagination."""
  pageInfo: PageInfo!

  """A list of edges."""
  edges: [PictureEdge]
}

"""An edge in a connection."""
type PictureEdge {
  """The item at the end of the edge"""
  node: Picture

  """A cursor for use in pagination"""
  cursor: String!
}

type Picture implements Node {
  id: ID!
  url: String!
}

type Mutation {
  createPost(input: CreatePostInput!): CreatePostPayload
  updatePost(input: UpdatePostInput!): UpdatePostPayload
  createPicture(input: CreatePictureInput!): CreatePicturePayload
  updatePicture(input: UpdatePictureInput!): UpdatePicturePayload
}

type CreatePostPayload {
  """Fetches an object given its ID"""
  node(
    """The ID of an object"""
    id: ID!
  ): Node

  """Account currently authenticated on the Ceramic instance, if set"""
  viewer: CeramicAccount
  document: Post!
  clientMutationId: String
}

input CreatePostInput {
  content: PostInput!
  clientMutationId: String
}

input PostInput {
  text: String!
}

type UpdatePostPayload {
  """Fetches an object given its ID"""
  node(
    """The ID of an object"""
    id: ID!
  ): Node

  """Account currently authenticated on the Ceramic instance, if set"""
  viewer: CeramicAccount
  document: Post!
  clientMutationId: String
}

input UpdatePostInput {
  id: ID!
  content: PartialPostInput!
  options: UpdateOptionsInput
  clientMutationId: String
}

input PartialPostInput {
  text: String
}

input UpdateOptionsInput {
  """
  Fully replace the document contents instead of performing a shallow merge
  """
  replace: Boolean = false

  """Only perform mutation if the document matches the provided version"""
  version: CeramicCommitID
}

"""A Ceramic Commit ID"""
scalar CeramicCommitID @specifiedBy(url: "https://github.com/ceramicnetwork/CIP/blob/main/CIPs/CIP-59/CIP-59.md#commitid")

type CreatePicturePayload {
  """Fetches an object given its ID"""
  node(
    """The ID of an object"""
    id: ID!
  ): Node

  """Account currently authenticated on the Ceramic instance, if set"""
  viewer: CeramicAccount
  document: Picture!
  clientMutationId: String
}

input CreatePictureInput {
  content: PictureInput!
  clientMutationId: String
}

input PictureInput {
  url: String!
}

type UpdatePicturePayload {
  """Fetches an object given its ID"""
  node(
    """The ID of an object"""
    id: ID!
  ): Node

  """Account currently authenticated on the Ceramic instance, if set"""
  viewer: CeramicAccount
  document: Picture!
  clientMutationId: String
}

input UpdatePictureInput {
  id: ID!
  content: PartialPictureInput!
  options: UpdateOptionsInput
  clientMutationId: String
}

input PartialPictureInput {
  url: String
}"
`;

exports[`graphql graphql:schema printing graphql schema succeeds with --readonly flag 1`] = `
"type Query {
  """Fetches an object given its ID"""
  node(
    """The ID of an object"""
    id: ID!
  ): Node

  """Account currently authenticated on the Ceramic instance, if set"""
  viewer: CeramicAccount
  postIndex(
    """Returns the items in the list that come after the specified cursor."""
    after: String

    """Returns the first n items from the list."""
    first: Int

    """Returns the items in the list that come before the specified cursor."""
    before: String

    """Returns the last n items from the list."""
    last: Int
  ): PostConnection
  pictureIndex(
    """Returns the items in the list that come after the specified cursor."""
    after: String

    """Returns the first n items from the list."""
    first: Int

    """Returns the items in the list that come before the specified cursor."""
    before: String

    """Returns the last n items from the list."""
    last: Int
  ): PictureConnection
}

"""An object with an ID"""
interface Node {
  """The id of the object."""
  id: ID!
}

type CeramicAccount implements Node {
  """Globally unique identifier of the account (DID string)"""
  id: ID!

  """
  Whether the Ceramic instance is currently authenticated with this account or not
  """
  isViewer: Boolean!
  postList(
    """Returns the items in the list that come after the specified cursor."""
    after: String

    """Returns the first n items from the list."""
    first: Int

    """Returns the items in the list that come before the specified cursor."""
    before: String

    """Returns the last n items from the list."""
    last: Int
  ): PostConnection
  pictureList(
    """Returns the items in the list that come after the specified cursor."""
    after: String

    """Returns the first n items from the list."""
    first: Int

    """Returns the items in the list that come before the specified cursor."""
    before: String

    """Returns the last n items from the list."""
    last: Int
  ): PictureConnection
}

"""A connection to a list of items."""
type PostConnection {
  """Information to aid in pagination."""
  pageInfo: PageInfo!

  """A list of edges."""
  edges: [PostEdge]
}

"""Information about pagination in a connection."""
type PageInfo {
  """When paginating forwards, are there more items?"""
  hasNextPage: Boolean!

  """When paginating backwards, are there more items?"""
  hasPreviousPage: Boolean!

  """When paginating backwards, the cursor to continue."""
  startCursor: String

  """When paginating forwards, the cursor to continue."""
  endCursor: String
}

"""An edge in a connection."""
type PostEdge {
  """The item at the end of the edge"""
  node: Post

  """A cursor for use in pagination"""
  cursor: String!
}

type Post implements Node {
  id: ID!
  text: String!
}

"""A connection to a list of items."""
type PictureConnection {
  """Information to aid in pagination."""
  pageInfo: PageInfo!

  """A list of edges."""
  edges: [PictureEdge]
}

"""An edge in a connection."""
type PictureEdge {
  """The item at the end of the edge"""
  node: Picture

  """A cursor for use in pagination"""
  cursor: String!
}

type Picture implements Node {
  id: ID!
  url: String!
}"
`;
